// Jest Snapshot v1, https://goo.gl/fbAQLP

exports[`Highlight component should render Highlight when highlight is present 1`] = `
<body>
  <div>
    <p
      style="font-weight: 700;"
    >
      <mark>
        so
      </mark>
      <span>
        me data
      </span>
    </p>
  </div>
</body>
`;
